AR clockdivider behavioral "G:/My Drive/ELEC/project/LabProject/ClockDivider.vhd" sub00/vhpl03 1557948304
AR counter behavioral "G:/My Drive/ELEC/project/LabProject/Counter.vhd" sub00/vhpl07 1557948306
EN labproject NULL "G:/My Drive/ELEC/project/LabProject/LabProject.vhd" sub00/vhpl00 1557948313
EN morsedecoder NULL "G:/My Drive/ELEC/project/LabProject/MorseDecoder.vhd" sub00/vhpl10 1557948309
EN buzzerinterface NULL "G:/My Drive/ELEC/project/LabProject/BuzzerInterface.vhd" sub00/vhpl04 1557948311
AR buzzerinterface behavioral "G:/My Drive/ELEC/project/LabProject/BuzzerInterface.vhd" sub00/vhpl05 1557948312
EN memory NULL "G:/My Drive/ELEC/project/LabProject/Memory.vhd" sub00/vhpl08 1557948307
EN counter NULL "G:/My Drive/ELEC/project/LabProject/Counter.vhd" sub00/vhpl06 1557948305
AR labproject behavioral "G:/My Drive/ELEC/project/LabProject/LabProject.vhd" sub00/vhpl01 1557948314
EN clockdivider NULL "G:/My Drive/ELEC/project/LabProject/ClockDivider.vhd" sub00/vhpl02 1557948303
AR memory behavioral "G:/My Drive/ELEC/project/LabProject/Memory.vhd" sub00/vhpl09 1557948308
AR morsedecoder behavioral "G:/My Drive/ELEC/project/LabProject/MorseDecoder.vhd" sub00/vhpl11 1557948310
