AR clockdivider behavioral "G:/My Drive/ELEC/project/LabProject/ClockDivider.vhd" sub00/vhpl03 1557932929
AR counter behavioral "G:/My Drive/ELEC/project/LabProject/Counter.vhd" sub00/vhpl07 1557932931
EN labproject NULL "G:/My Drive/ELEC/project/LabProject/LabProject.vhd" sub00/vhpl00 1557932938
EN morsedecoder NULL "G:/My Drive/ELEC/project/LabProject/MorseDecoder.vhd" sub00/vhpl10 1557932934
EN buzzerinterface NULL "G:/My Drive/ELEC/project/LabProject/BuzzerInterface.vhd" sub00/vhpl04 1557932936
AR buzzerinterface behavioral "G:/My Drive/ELEC/project/LabProject/BuzzerInterface.vhd" sub00/vhpl05 1557932937
EN memory NULL "G:/My Drive/ELEC/project/LabProject/Memory.vhd" sub00/vhpl08 1557932932
EN counter NULL "G:/My Drive/ELEC/project/LabProject/Counter.vhd" sub00/vhpl06 1557932930
AR labproject behavioral "G:/My Drive/ELEC/project/LabProject/LabProject.vhd" sub00/vhpl01 1557932939
EN clockdivider NULL "G:/My Drive/ELEC/project/LabProject/ClockDivider.vhd" sub00/vhpl02 1557932928
AR memory behavioral "G:/My Drive/ELEC/project/LabProject/Memory.vhd" sub00/vhpl09 1557932933
AR morsedecoder behavioral "G:/My Drive/ELEC/project/LabProject/MorseDecoder.vhd" sub00/vhpl11 1557932935
