V3 3
FL "G:/My Drive/ELEC/project/LabProject/LabProject.vhd" 2019/05/13.22:38:03 P.20131013
EN work/LabProject 1557825686 \
      FL "G:/My Drive/ELEC/project/LabProject/LabProject.vhd" \
      PB ieee/std_logic_1164 1381692176
AR work/LabProject/Behavioral 1557825687 \
      FL "G:/My Drive/ELEC/project/LabProject/LabProject.vhd" EN work/LabProject 1557825686
