V3 23
FL "G:/My Drive/ELEC/project/LabProject/BuzzerInterface.vhd" 2019/05/15.21:04:44 P.20131013
EN work/BuzzerInterface 1557943531 \
      FL "G:/My Drive/ELEC/project/LabProject/BuzzerInterface.vhd" \
      PB ieee/std_logic_1164 1381692176
AR work/BuzzerInterface/Behavioral 1557943532 \
      FL "G:/My Drive/ELEC/project/LabProject/BuzzerInterface.vhd" \
      EN work/BuzzerInterface 1557943531
FL "G:/My Drive/ELEC/project/LabProject/ClockDivider.vhd" 2019/05/15.18:03:03 P.20131013
EN work/ClockDivider 1557943523 \
      FL "G:/My Drive/ELEC/project/LabProject/ClockDivider.vhd" \
      PB ieee/std_logic_1164 1381692176
AR work/ClockDivider/Behavioral 1557943524 \
      FL "G:/My Drive/ELEC/project/LabProject/ClockDivider.vhd" \
      EN work/ClockDivider 1557943523
FL "G:/My Drive/ELEC/project/LabProject/Counter.vhd" 2019/05/15.20:57:45 P.20131013
EN work/Counter 1557943525 FL "G:/My Drive/ELEC/project/LabProject/Counter.vhd" \
      PB ieee/std_logic_1164 1381692176 PB ieee/STD_LOGIC_UNSIGNED 1381692179 \
      PB ieee/std_logic_arith 1381692177 PB ieee/NUMERIC_STD 1381692181
AR work/Counter/Behavioral 1557943526 \
      FL "G:/My Drive/ELEC/project/LabProject/Counter.vhd" EN work/Counter 1557943525
FL "G:/My Drive/ELEC/project/LabProject/LabProject.vhd" 2019/05/15.20:57:13 P.20131013
EN work/LabProject 1557943533 \
      FL "G:/My Drive/ELEC/project/LabProject/LabProject.vhd" \
      PB ieee/std_logic_1164 1381692176
AR work/LabProject/Behavioral 1557943534 \
      FL "G:/My Drive/ELEC/project/LabProject/LabProject.vhd" EN work/LabProject 1557943533 \
      CP ClockDivider CP Counter CP Memory CP MorseDecoder CP BuzzerInterface
FL "G:/My Drive/ELEC/project/LabProject/Memory.vhd" 2019/05/15.20:58:52 P.20131013
EN work/Memory 1557943527 FL "G:/My Drive/ELEC/project/LabProject/Memory.vhd" \
      PB ieee/std_logic_1164 1381692176 PB ieee/NUMERIC_STD 1381692181
AR work/Memory/Behavioral 1557943528 \
      FL "G:/My Drive/ELEC/project/LabProject/Memory.vhd" EN work/Memory 1557943527
FL "G:/My Drive/ELEC/project/LabProject/MorseDecoder.vhd" 2019/05/15.21:00:58 P.20131013
EN work/MorseDecoder 1557943529 \
      FL "G:/My Drive/ELEC/project/LabProject/MorseDecoder.vhd" \
      PB ieee/std_logic_1164 1381692176
AR work/MorseDecoder/Behavioral 1557943530 \
      FL "G:/My Drive/ELEC/project/LabProject/MorseDecoder.vhd" \
      EN work/MorseDecoder 1557943529
